[WebServer] (node:56584) Warning: The 'NO_COLOR' env is ignored due to the 'FORCE_COLOR' env being set.
[WebServer] (Use `node --trace-warnings ...` to show where the warning was created)

Running 5 tests using 4 workers

(node:56674) Warning: The 'NO_COLOR' env is ignored due to the 'FORCE_COLOR' env being set.
(Use `node --trace-warnings ...` to show where the warning was created)
[WebServer] verification email failed Error: RESEND_API_KEY is missing
[WebServer]     at a (.next/server/chunks/[root-of-the-server]__1ny24jk._.js:1:9126)
[WebServer]     at i (.next/server/chunks/[root-of-the-server]__1ny24jk._.js:32:133)
[WebServer]     at async (.next/server/chunks/[root-of-the-server]__1-d_nw_._.js:1:2875)
[WebServer]     at async (.next/server/chunks/src_lib_apiError_ts_0hllxp0._.js:1:19582)
[WebServer]     at async Y (.next/server/chunks/[root-of-the-server]__1-d_nw_._.js:1:6068)
[WebServer]     at async J (.next/server/chunks/[root-of-the-server]__1-d_nw_._.js:1:7146)
  ✓  1 [setup] › e2e/auth.setup.ts:7:6 › register a test user (93ms)
(node:56694) Warning: The 'NO_COLOR' env is ignored due to the 'FORCE_COLOR' env being set.
(Use `node --trace-warnings ...` to show where the warning was created)
(node:56696) Warning: The 'NO_COLOR' env is ignored due to the 'FORCE_COLOR' env being set.
(Use `node --trace-warnings ...` to show where the warning was created)
(node:56693) Warning: The 'NO_COLOR' env is ignored due to the 'FORCE_COLOR' env being set.
(Use `node --trace-warnings ...` to show where the warning was created)
(node:56695) Warning: The 'NO_COLOR' env is ignored due to the 'FORCE_COLOR' env being set.
(Use `node --trace-warnings ...` to show where the warning was created)
  ✘  4 [chromium] › e2e/focus-recovery.spec.ts:4:48 › KH-019 focus lifecycle 320 (6.9s)
  ✘  5 [chromium] › e2e/focus-recovery.spec.ts:4:48 › KH-019 focus lifecycle 768 (7.1s)
  ✘  3 [chromium] › e2e/focus-recovery.spec.ts:4:48 › KH-019 focus lifecycle 1280 (7.1s)
  ✘  2 [chromium] › e2e/focus-recovery.spec.ts:4:48 › KH-019 focus lifecycle 390 (7.1s)


  1) [chromium] › e2e/focus-recovery.spec.ts:4:48 › KH-019 focus lifecycle 320 ─────────────────────

    Error: expect(locator).toBeFocused() failed

    Locator:  getByRole('button', { name: 'Añadir', exact: true })
    Expected: focused
    Received: inactive
    Timeout:  5000ms

    Call log:
      - Expect "toBeFocused" getByRole('button', { name: 'Añadir', exact: true }) with timeout 5000ms
      - waiting for getByRole('button', { name: 'Añadir', exact: true })
        14 × locator resolved to <button type="button" class="relative hit-area inline-flex h-10 items-center gap-1.5 rounded-full bg-[#a3e635] px-4 text-sm font-semibold text-forest-950 focus-visible:outline-2 focus-visible:outline-[#a3e635] focus-visible:outline-offset-2">…</button>
           - unexpected value "inactive"


      19 |     else await dialog.click({ position: { x: 1, y: 1 } })
      20 |     await expect(dialog).toHaveCount(0)
    > 21 |     await expect(trigger).toBeFocused()
         |                           ^
      22 |   }
      23 |   expect(await page.evaluate(() => document.documentElement.scrollWidth <= innerWidth)).toBe(true)
      24 |   await page.screenshot({ path: `/tmp/kh019-focus-${width}.png` })
        at /Users/sergioballesteros/ketohoy/e2e/focus-recovery.spec.ts:21:27

    Error Context: test-results/focus-recovery-KH-019-focus-lifecycle-320-chromium/error-context.md

  2) [chromium] › e2e/focus-recovery.spec.ts:4:48 › KH-019 focus lifecycle 390 ─────────────────────

    Error: expect(locator).toBeFocused() failed

    Locator:  getByRole('button', { name: 'Añadir', exact: true })
    Expected: focused
    Received: inactive
    Timeout:  5000ms

    Call log:
      - Expect "toBeFocused" getByRole('button', { name: 'Añadir', exact: true }) with timeout 5000ms
      - waiting for getByRole('button', { name: 'Añadir', exact: true })
        14 × locator resolved to <button type="button" class="relative hit-area inline-flex h-10 items-center gap-1.5 rounded-full bg-[#a3e635] px-4 text-sm font-semibold text-forest-950 focus-visible:outline-2 focus-visible:outline-[#a3e635] focus-visible:outline-offset-2">…</button>
           - unexpected value "inactive"


      19 |     else await dialog.click({ position: { x: 1, y: 1 } })
      20 |     await expect(dialog).toHaveCount(0)
    > 21 |     await expect(trigger).toBeFocused()
         |                           ^
      22 |   }
      23 |   expect(await page.evaluate(() => document.documentElement.scrollWidth <= innerWidth)).toBe(true)
      24 |   await page.screenshot({ path: `/tmp/kh019-focus-${width}.png` })
        at /Users/sergioballesteros/ketohoy/e2e/focus-recovery.spec.ts:21:27

    Error Context: test-results/focus-recovery-KH-019-focus-lifecycle-390-chromium/error-context.md

  3) [chromium] › e2e/focus-recovery.spec.ts:4:48 › KH-019 focus lifecycle 768 ─────────────────────

    Error: expect(locator).toBeFocused() failed

    Locator:  getByRole('button', { name: 'Añadir', exact: true })
    Expected: focused
    Received: inactive
    Timeout:  5000ms

    Call log:
      - Expect "toBeFocused" getByRole('button', { name: 'Añadir', exact: true }) with timeout 5000ms
      - waiting for getByRole('button', { name: 'Añadir', exact: true })
        14 × locator resolved to <button type="button" class="relative hit-area inline-flex h-10 items-center gap-1.5 rounded-full bg-[#a3e635] px-4 text-sm font-semibold text-forest-950 focus-visible:outline-2 focus-visible:outline-[#a3e635] focus-visible:outline-offset-2">…</button>
           - unexpected value "inactive"


      19 |     else await dialog.click({ position: { x: 1, y: 1 } })
      20 |     await expect(dialog).toHaveCount(0)
    > 21 |     await expect(trigger).toBeFocused()
         |                           ^
      22 |   }
      23 |   expect(await page.evaluate(() => document.documentElement.scrollWidth <= innerWidth)).toBe(true)
      24 |   await page.screenshot({ path: `/tmp/kh019-focus-${width}.png` })
        at /Users/sergioballesteros/ketohoy/e2e/focus-recovery.spec.ts:21:27

    Error Context: test-results/focus-recovery-KH-019-focus-lifecycle-768-chromium/error-context.md

  4) [chromium] › e2e/focus-recovery.spec.ts:4:48 › KH-019 focus lifecycle 1280 ────────────────────

    Error: expect(locator).toBeFocused() failed

    Locator:  getByRole('button', { name: 'Añadir', exact: true })
    Expected: focused
    Received: inactive
    Timeout:  5000ms

    Call log:
      - Expect "toBeFocused" getByRole('button', { name: 'Añadir', exact: true }) with timeout 5000ms
      - waiting for getByRole('button', { name: 'Añadir', exact: true })
        14 × locator resolved to <button type="button" class="relative hit-area inline-flex h-10 items-center gap-1.5 rounded-full bg-[#a3e635] px-4 text-sm font-semibold text-forest-950 focus-visible:outline-2 focus-visible:outline-[#a3e635] focus-visible:outline-offset-2">…</button>
           - unexpected value "inactive"


      19 |     else await dialog.click({ position: { x: 1, y: 1 } })
      20 |     await expect(dialog).toHaveCount(0)
    > 21 |     await expect(trigger).toBeFocused()
         |                           ^
      22 |   }
      23 |   expect(await page.evaluate(() => document.documentElement.scrollWidth <= innerWidth)).toBe(true)
      24 |   await page.screenshot({ path: `/tmp/kh019-focus-${width}.png` })
        at /Users/sergioballesteros/ketohoy/e2e/focus-recovery.spec.ts:21:27

    Error Context: test-results/focus-recovery-KH-019-focus-lifecycle-1280-chromium/error-context.md

  4 failed
    [chromium] › e2e/focus-recovery.spec.ts:4:48 › KH-019 focus lifecycle 320 ──────────────────────
    [chromium] › e2e/focus-recovery.spec.ts:4:48 › KH-019 focus lifecycle 390 ──────────────────────
    [chromium] › e2e/focus-recovery.spec.ts:4:48 › KH-019 focus lifecycle 768 ──────────────────────
    [chromium] › e2e/focus-recovery.spec.ts:4:48 › KH-019 focus lifecycle 1280 ─────────────────────
  1 passed (11.4s)
