[WebServer] (node:62672) Warning: The 'NO_COLOR' env is ignored due to the 'FORCE_COLOR' env being set.
[WebServer] (Use `node --trace-warnings ...` to show where the warning was created)

Running 2 tests using 1 worker

(node:62751) Warning: The 'NO_COLOR' env is ignored due to the 'FORCE_COLOR' env being set.
(Use `node --trace-warnings ...` to show where the warning was created)
[WebServer] verification email failed Error: RESEND_API_KEY is missing
[WebServer]     at a (.next/server/chunks/[root-of-the-server]__1ny24jk._.js:1:9126)
[WebServer]     at i (.next/server/chunks/[root-of-the-server]__1ny24jk._.js:32:133)
[WebServer]     at async (.next/server/chunks/[root-of-the-server]__1-d_nw_._.js:1:2875)
[WebServer]     at async (.next/server/chunks/src_lib_apiError_ts_0hllxp0._.js:1:19582)
[WebServer]     at async Y (.next/server/chunks/[root-of-the-server]__1-d_nw_._.js:1:6068)
[WebServer]     at async J (.next/server/chunks/[root-of-the-server]__1-d_nw_._.js:1:7146)
  ✓  1 [setup] › e2e/auth.setup.ts:7:6 › register a test user (132ms)
(node:62894) Warning: The 'NO_COLOR' env is ignored due to the 'FORCE_COLOR' env being set.
(Use `node --trace-warnings ...` to show where the warning was created)
[WebServer] verification email failed Error: RESEND_API_KEY is missing
[WebServer]     at a (.next/server/chunks/[root-of-the-server]__1ny24jk._.js:1:9126)
[WebServer]     at i (.next/server/chunks/[root-of-the-server]__1ny24jk._.js:32:133)
[WebServer]     at async (.next/server/chunks/[root-of-the-server]__1-d_nw_._.js:1:2875)
[WebServer]     at async (.next/server/chunks/src_lib_apiError_ts_0hllxp0._.js:1:19582)
[WebServer]     at async Y (.next/server/chunks/[root-of-the-server]__1-d_nw_._.js:1:6068)
[WebServer]     at async J (.next/server/chunks/[root-of-the-server]__1-d_nw_._.js:1:7146)
  ✘  2 [chromium] › e2e/mutation-adversarial.spec.ts:6:7 › KH-020 HTTP matrix, double actions, navigation shopping-list 320 (1.1s)


  1) [chromium] › e2e/mutation-adversarial.spec.ts:6:7 › KH-020 HTTP matrix, double actions, navigation shopping-list 320 

    Error: expect(received).not.toBe(expected) // Object.is equality

    Expected: not "BODY"

      64 |     await expect(row).toHaveCount(0)
      65 |     await expect(page.getByRole('dialog')).toHaveCount(0)
    > 66 |     expect(await page.evaluate(() => document.activeElement?.tagName)).not.toBe('BODY')
         |                                                                            ^
      67 |     await expect(page.getByRole('button', { name: 'Deshacer', exact: true })).toBeVisible()
      68 |     failureMethod = 'POST'
      69 |     for (const status of [400, 403, 404, 409, 500]) {
        at /Users/sergioballesteros/ketohoy/e2e/mutation-adversarial.spec.ts:66:76

    Error Context: test-results/mutation-adversarial-KH-02-fd4bf-avigation-shopping-list-320-chromium/error-context.md

  1 failed
    [chromium] › e2e/mutation-adversarial.spec.ts:6:7 › KH-020 HTTP matrix, double actions, navigation shopping-list 320 
  1 passed (3.3s)
