
 RUN  v4.1.9 /Users/sergioballesteros/ketohoy

 ❯ src/app/api/shopping-list/__tests__/undo.api.test.ts (3 tests | 3 failed) 1281ms
   × KH-020 retry after a lost restore response cannot increment packages; ordinary additions still do 121ms
   × KH-020 undo preserves newer pending quantities and purchased history 10ms
   × KH-020 simultaneous restores of legacy unknown stock create a single effective row 9ms

⎯⎯⎯⎯⎯⎯⎯ Failed Tests 3 ⎯⎯⎯⎯⎯⎯⎯

 FAIL  src/app/api/shopping-list/__tests__/undo.api.test.ts > KH-020 retry after a lost restore response cannot increment packages; ordinary additions still do
AssertionError: expected { …(21) } to match object { …(3) }
(19 matching properties omitted from actual)

- Expected
+ Received

  {
    "id": "cmuv1mu1r00017m1bl20r5ldg",
-   "outcome": "existing",
-   "purchaseQuantity": 2,
+   "purchaseQuantity": 4,
  }

 ❯ src/app/api/shopping-list/__tests__/undo.api.test.ts:18:17
     16|   const first = await (await POST(post('http://t/list', payload))).jso…
     17|   const retry = await (await POST(post('http://t/list', payload))).jso…
     18|   expect(retry).toMatchObject({ id: first.id, purchaseQuantity: 2, out…
       |                 ^
     19|   expect(await db.shoppingListItem.findUnique({ where: { id: first.id …
     20|   const normal = await (await POST(post('http://t/list', { name: paylo…

⎯⎯⎯⎯⎯⎯⎯⎯⎯⎯⎯⎯⎯⎯⎯⎯⎯⎯⎯⎯⎯⎯⎯⎯[1/3]⎯

 FAIL  src/app/api/shopping-list/__tests__/undo.api.test.ts > KH-020 undo preserves newer pending quantities and purchased history
AssertionError: expected { …(21) } to match object { …(3) }
(19 matching properties omitted from actual)

- Expected
+ Received

  {
    "id": "cmuv1mu2a00027m1b744w6a3q",
-   "outcome": "existing",
-   "purchaseQuantity": 7,
+   "purchaseQuantity": 12,
  }

 ❯ src/app/api/shopping-list/__tests__/undo.api.test.ts:28:16
     26|   const history = await db.shoppingListItem.create({ data: { userId: c…
     27|   const undo = await (await POST(post('http://t/list', { ...body, purc…
     28|   expect(undo).toMatchObject({ id: current.id, purchaseQuantity: 7, ou…
       |                ^
     29|   expect(await db.shoppingListItem.findUnique({ where: { id: history.i…
     30| })

⎯⎯⎯⎯⎯⎯⎯⎯⎯⎯⎯⎯⎯⎯⎯⎯⎯⎯⎯⎯⎯⎯⎯⎯[2/3]⎯

 FAIL  src/app/api/shopping-list/__tests__/undo.api.test.ts > KH-020 simultaneous restores of legacy unknown stock create a single effective row
AssertionError: expected [ undefined, undefined ] to deeply equal [ 'created', 'existing' ]

- Expected
+ Received

  [
-   "created",
-   "existing",
+   undefined,
+   undefined,
  ]

 ❯ src/app/api/shopping-list/__tests__/undo.api.test.ts:35:47
     33|   const responses = await Promise.all([POST(post('http://t/list', body…
     34|   const rows = await Promise.all(responses.map(response => response.js…
     35|   expect(rows.map(row => row.outcome).sort()).toEqual(['created', 'exi…
       |                                               ^
     36|   expect(rows[0].id).toBe(rows[1].id)
     37|   expect(rows[0]).toMatchObject({ purchaseQuantity: null, quantity: '5…

⎯⎯⎯⎯⎯⎯⎯⎯⎯⎯⎯⎯⎯⎯⎯⎯⎯⎯⎯⎯⎯⎯⎯⎯[3/3]⎯


 Test Files  1 failed (1)
      Tests  3 failed (3)
   Start at  11:24:35
   Duration  1.62s (transform 105ms, setup 0ms, import 58ms, tests 1.28s, environment 0ms)

