
> ketohoy@0.1.0 test
> vitest run src/app/api/mercadona/__tests__/categories.api.test.ts


 RUN  v4.1.9 /Users/sergioballesteros/ketohoy

 ❯ src/app/api/mercadona/__tests__/categories.api.test.ts (1 test | 1 failed) 10ms
     × only renders chips accepted by the API, including valid empty results 10ms

⎯⎯⎯⎯⎯⎯⎯ Failed Tests 1 ⎯⎯⎯⎯⎯⎯⎯

 FAIL  src/app/api/mercadona/__tests__/categories.api.test.ts > visible catalog categories > only renders chips accepted by the API, including valid empty results
AssertionError: fruit: expected 400 to be 200 // Object.is equality

- Expected
+ Received

- 200
+ 400

 ❯ src/app/api/mercadona/__tests__/categories.api.test.ts:17:36
     15|     for (const { key } of visible) {
     16|       const response = await GET(new Request(`http://localhost/api/mer…
     17|       expect(response.status, key).toBe(200)
       |                                    ^
     18|       expect(await response.json()).toEqual({ products: [], category: …
     19|     }

⎯⎯⎯⎯⎯⎯⎯⎯⎯⎯⎯⎯⎯⎯⎯⎯⎯⎯⎯⎯⎯⎯⎯⎯[1/1]⎯


 Test Files  1 failed (1)
      Tests  1 failed (1)
   Start at  18:13:02
   Duration  281ms (transform 60ms, setup 0ms, import 183ms, tests 10ms, environment 0ms)

