
 RUN  v4.1.9 /Users/sergioballesteros/ketohoy

 ❯ src/app/api/shopping-list/__tests__/quantities.api.test.ts (1 test | 1 failed) 727ms
   × preserves 200 g from the real recipe endpoint, original text and ingredient identity 62ms

⎯⎯⎯⎯⎯⎯⎯ Failed Tests 1 ⎯⎯⎯⎯⎯⎯⎯

 FAIL  src/app/api/shopping-list/__tests__/quantities.api.test.ts > preserves 200 g from the real recipe endpoint, original text and ingredient identity
AssertionError: expected { …(11) } to match object { requiredQuantity: 200, …(3) }
(11 matching properties omitted from actual)

- Expected
+ Received

  {
-   "originalIngredientText": "200 g",
-   "requiredQuantity": 200,
-   "requiredUnit": "g",
-   "sourceType": "recipe",
+   "checked": false,
+   "createdAt": 2026-10-03T16:46:39.390Z,
+   "id": "cmusmjlsu0003wa1bn0zsyzoh",
+   "name": "KH005 chicken",
+   "pantryCreated": false,
+   "pantryDelta": null,
+   "productId": null,
+   "quantity": "1",
+   "reason": "Para: KH005 real flow",
+   "updatedAt": 2026-10-03T16:46:39.390Z,
+   "userId": "cmusmjlsp0002wa1bgry7pm0a",
  }

 ❯ src/app/api/shopping-list/__tests__/quantities.api.test.ts:23:19
     21|   const rows = await db.shoppingListItem.findMany({ where: { name: 'KH…
     22|   expect(rows).toHaveLength(1)
     23|   expect(rows[0]).toMatchObject({ requiredQuantity: 200, requiredUnit:…
       |                   ^
     24|   expect(JSON.stringify(rows[0])).toContain(recipe.ingredients[0].id)
     25| })

⎯⎯⎯⎯⎯⎯⎯⎯⎯⎯⎯⎯⎯⎯⎯⎯⎯⎯⎯⎯⎯⎯⎯⎯[1/1]⎯


 Test Files  1 failed (1)
      Tests  1 failed (1)
   Start at  18:46:38
   Duration  846ms (transform 56ms, setup 0ms, import 28ms, tests 727ms, environment 0ms)

